Renesas Optimizing Linker (W3.01.00 )             20-Mar-2020 20:48:53

*** Options ***

-subcommand=LinkerVectorControlTest.tmp
-input=".\generate\dbsct.obj"
-input=".\generate\hwsetup.obj"
-input=".\generate\intprg.obj"
-input=".\generate\resetprg.obj"
-input=".\generate\sbrk.obj"
-input=".\generate\vecttbl.obj"
-input=".\src\VectorControlTest.obj"
-input=".\src\cpwm.obj"
-input=".\src\dacvtr.obj"
-input=".\src\sensors.obj"
-input=".\src\vecctrl.obj"
-library=".\VectorControlTest.lib"
-start=SU,SI,B_1,R_1,B_2,R_2,B,R/04,PResetPRG,C_1,C_2,C,C$*,D*,W*,L,PIntPRG,P/0FFFC0000,FIXEDVECT/0FFFFFF80
-output="VectorControlTest.abs"
-form=absolute
-nomessage
-list=VectorControlTest.map
-nooptimize
-rom=D=R,D_1=R_1,D_2=R_2
-cpu=RAM=00000000-00003fff,FIX=00080000-00083fff,FIX=00086000-00087fff,FIX=00088000-0009401f,FIX=000c0000-000fffff,ROM=00100000-00107fff,FIX=007fc000-007fc4ff,FIX=007ffc00-007fffff,ROM=fffc0000-ffffffff
-nologo

*** Error information ***

*** Mapping List ***

SECTION                            START      END         SIZE   ALIGN
SU
                                  00000004  00000103       100   4
SI
                                  00000104  00000403       300   4
B_1
                                  00000404  00000404         0   1
R_1
                                  00000404  00000404         0   1
B_2
                                  00000404  00000404         0   1
R_2
                                  00000404  00000404         0   1
B
                                  00000404  0000081b       418   4
R
                                  0000081c  0000087f        64   4
PResetPRG
                                  fffc0000  fffc0037        38   4
C_1
                                  fffc0038  fffc0038         0   4
C_2
                                  fffc0038  fffc0038         0   1
C
                                  fffc0038  fffc00bb        84   4
C$DSEC
                                  fffc00bc  fffc00df        24   4
C$BSEC
                                  fffc00e0  fffc00f7        18   4
C$INIT
                                  fffc00f8  fffc00f8         0   1
C$VECT
                                  fffc00f8  fffc04f7       400   4
C$VTBL
                                  fffc04f8  fffc04f8         0   1
D
                                  fffc04f8  fffc055b        64   4
D_1
                                  fffc055c  fffc055c         0   1
D_2
                                  fffc055c  fffc055c         0   1
W
                                  fffc055c  fffc055c         0   1
W_1
                                  fffc055c  fffc055c         0   1
W_2
                                  fffc055c  fffc055c         0   1
L
                                  fffc055c  fffc055c         0   1
PIntPRG
                                  fffc055c  fffc0643        e8   4
P
                                  fffc0644  fffc13f3       db0   1
FIXEDVECT
                                  ffffff80  ffffffff        80   4
